[   11314ms] [ERROR] Failed to load resource: the server responded with a status of 404 (Not Found) @ http://localhost:3002/favicon.ico:0
[ 3968072ms] [WARNING] [Fast Refresh] performing full reload

Fast Refresh will perform a full reload when you edit a file that's imported by modules outside of the React rendering tree.
You might have a file which exports a React component but also exports a value that is imported by a non-React component file.
Consider migrating the non-React component export to a separate file and importing it into both files.

It is also possible the parent component of the component you edited is a class component, which disables Fast Refresh.
Fast Refresh requires at least one parent function component in your React tree. @ http://localhost:3002/_next/static/chunks/a5dda_next_dist_fd2d7206._.js:2297
[ 3971210ms] [ERROR] Failed to load resource: the server responded with a status of 500 (Internal Server Error) @ http://localhost:3002/review/actors:0
[ 3978852ms] Error: Element type is invalid: expected a string (for built-in components) or a class/function (for composite components) but got: undefined. You likely forgot to export your component from the file it's defined in, or you might have mixed up default and named imports.

Check the render method of `ReviewLayout`.
    at createFiberFromTypeAndProps (http://localhost:3002/_next/static/chunks/a5dda_next_dist_compiled_react-dom_f2552aa9._.js:3197:32)
    at createFiberFromElement (http://localhost:3002/_next/static/chunks/a5dda_next_dist_compiled_react-dom_f2552aa9._.js:3208:16)
    at createChild (http://localhost:3002/_next/static/chunks/a5dda_next_dist_compiled_react-dom_f2552aa9._.js:4045:40)
    at reconcileChildrenArray (http://localhost:3002/_next/static/chunks/a5dda_next_dist_compiled_react-dom_f2552aa9._.js:4158:72)
    at reconcileChildFibersImpl (http://localhost:3002/_next/static/chunks/a5dda_next_dist_compiled_react-dom_f2552aa9._.js:4265:117)
    at http://localhost:3002/_next/static/chunks/a5dda_next_dist_compiled_react-dom_f2552aa9._.js:4292:39
    at reconcileChildren (http://localhost:3002/_next/static/chunks/a5dda_next_dist_compiled_react-dom_f2552aa9._.js:5929:51)
    at beginWork (http://localhost:3002/_next/static/chunks/a5dda_next_dist_compiled_react-dom_f2552aa9._.js:6775:1573)
    at runWithFiberInDEV (http://localhost:3002/_next/static/chunks/a5dda_next_dist_compiled_react-dom_f2552aa9._.js:965:74)
    at performUnitOfWork (http://localhost:3002/_next/static/chunks/a5dda_next_dist_compiled_react-dom_f2552aa9._.js:9562:97)
    at workLoopSync (http://localhost:3002/_next/static/chunks/a5dda_next_dist_compiled_react-dom_f2552aa9._.js:9456:40)
    at renderRootSync (http://localhost:3002/_next/static/chunks/a5dda_next_dist_compiled_react-dom_f2552aa9._.js:9440:13)
    at performWorkOnRoot (http://localhost:3002/_next/static/chunks/a5dda_next_dist_compiled_react-dom_f2552aa9._.js:9105:47)
    at performWorkOnRootViaSchedulerTask (http://localhost:3002/_next/static/chunks/a5dda_next_dist_compiled_react-dom_f2552aa9._.js:10230:9)
    at MessagePort.performWorkUntilDeadline (http://localhost:3002/_next/static/chunks/a5dda_next_dist_compiled_2884d899._.js:2647:64)
[ 3985279ms] [WARNING] The resource http://localhost:3002/_next/static/chunks/%5Broot-of-the-server%5D__4551b335._.css was preloaded using link preload but not used within a few seconds from the window's load event. Please make sure it has an appropriate `as` value and it is preloaded intentionally. @ http://localhost:3002/review/actors:0
[ 4000020ms] [WARNING] [Fast Refresh] performing full reload because your application had an unrecoverable error @ http://localhost:3002/_next/static/chunks/a5dda_next_dist_fd2d7206._.js:2297
[ 4000282ms] Error: No link element found for chunk /_next/static/chunks/%5Broot-of-the-server%5D__4551b335._.css
    at http://localhost:3002/_next/static/chunks/turbopack-_27197565._.js:1801:28
    at new Promise (<anonymous>)
    at Object.reloadChunk (http://localhost:3002/_next/static/chunks/turbopack-_27197565._.js:1793:20)
    at applyChunkListUpdate (http://localhost:3002/_next/static/chunks/turbopack-_27197565._.js:1174:46)
    at applyUpdate (http://localhost:3002/_next/static/chunks/turbopack-_27197565._.js:1148:13)
    at handleApply (http://localhost:3002/_next/static/chunks/turbopack-_27197565._.js:1368:17)
    at triggerUpdate (http://localhost:3002/_next/static/chunks/%5Bturbopack%5D_browser_dev_hmr-client_hmr-client_ts_c8c997ce._.js:452:9)
    at applyAggregatedUpdates (http://localhost:3002/_next/static/chunks/%5Bturbopack%5D_browser_dev_hmr-client_hmr-client_ts_c8c997ce._.js:98:9)
    at http://localhost:3002/_next/static/chunks/%5Bturbopack%5D_browser_dev_hmr-client_hmr-client_ts_c8c997ce._.js:32:21
    at processTurbopackMessage (http://localhost:3002/_next/static/chunks/a5dda_next_dist_client_e7baee3b._.js:10950:13)
    at processMessage (http://localhost:3002/_next/static/chunks/a5dda_next_dist_client_e7baee3b._.js:11591:17)
    at WebSocket.handleMessage (http://localhost:3002/_next/static/chunks/a5dda_next_dist_client_e7baee3b._.js:10914:52)
[ 4002867ms] [ERROR] Failed to load resource: the server responded with a status of 500 (Internal Server Error) @ http://localhost:3002/review/actors:0
[ 4006488ms] Error: Element type is invalid: expected a string (for built-in components) or a class/function (for composite components) but got: undefined. You likely forgot to export your component from the file it's defined in, or you might have mixed up default and named imports.

Check the render method of `ReviewLayout`.
    at createFiberFromTypeAndProps (http://localhost:3002/_next/static/chunks/a5dda_next_dist_compiled_react-dom_f2552aa9._.js:3197:32)
    at createFiberFromElement (http://localhost:3002/_next/static/chunks/a5dda_next_dist_compiled_react-dom_f2552aa9._.js:3208:16)
    at createChild (http://localhost:3002/_next/static/chunks/a5dda_next_dist_compiled_react-dom_f2552aa9._.js:4045:40)
    at reconcileChildrenArray (http://localhost:3002/_next/static/chunks/a5dda_next_dist_compiled_react-dom_f2552aa9._.js:4158:72)
    at reconcileChildFibersImpl (http://localhost:3002/_next/static/chunks/a5dda_next_dist_compiled_react-dom_f2552aa9._.js:4265:117)
    at http://localhost:3002/_next/static/chunks/a5dda_next_dist_compiled_react-dom_f2552aa9._.js:4292:39
    at reconcileChildren (http://localhost:3002/_next/static/chunks/a5dda_next_dist_compiled_react-dom_f2552aa9._.js:5929:51)
    at beginWork (http://localhost:3002/_next/static/chunks/a5dda_next_dist_compiled_react-dom_f2552aa9._.js:6775:1573)
    at runWithFiberInDEV (http://localhost:3002/_next/static/chunks/a5dda_next_dist_compiled_react-dom_f2552aa9._.js:965:74)
    at performUnitOfWork (http://localhost:3002/_next/static/chunks/a5dda_next_dist_compiled_react-dom_f2552aa9._.js:9562:97)
    at workLoopSync (http://localhost:3002/_next/static/chunks/a5dda_next_dist_compiled_react-dom_f2552aa9._.js:9456:40)
    at renderRootSync (http://localhost:3002/_next/static/chunks/a5dda_next_dist_compiled_react-dom_f2552aa9._.js:9440:13)
    at performWorkOnRoot (http://localhost:3002/_next/static/chunks/a5dda_next_dist_compiled_react-dom_f2552aa9._.js:9105:47)
    at performWorkOnRootViaSchedulerTask (http://localhost:3002/_next/static/chunks/a5dda_next_dist_compiled_react-dom_f2552aa9._.js:10230:9)
    at MessagePort.performWorkUntilDeadline (http://localhost:3002/_next/static/chunks/a5dda_next_dist_compiled_2884d899._.js:2647:64)
[ 4010799ms] [WARNING] The resource http://localhost:3002/_next/static/chunks/%5Broot-of-the-server%5D__4551b335._.css was preloaded using link preload but not used within a few seconds from the window's load event. Please make sure it has an appropriate `as` value and it is preloaded intentionally. @ http://localhost:3002/review/actors:0
[ 4060124ms] [WARNING] [Fast Refresh] performing full reload because your application had an unrecoverable error @ http://localhost:3002/_next/static/chunks/a5dda_next_dist_fd2d7206._.js:2297
[ 4060550ms] Error: No link element found for chunk /_next/static/chunks/%5Broot-of-the-server%5D__4551b335._.css
    at http://localhost:3002/_next/static/chunks/turbopack-_27197565._.js:1801:28
    at new Promise (<anonymous>)
    at Object.reloadChunk (http://localhost:3002/_next/static/chunks/turbopack-_27197565._.js:1793:20)
    at applyChunkListUpdate (http://localhost:3002/_next/static/chunks/turbopack-_27197565._.js:1174:46)
    at applyUpdate (http://localhost:3002/_next/static/chunks/turbopack-_27197565._.js:1148:13)
    at handleApply (http://localhost:3002/_next/static/chunks/turbopack-_27197565._.js:1368:17)
    at triggerUpdate (http://localhost:3002/_next/static/chunks/%5Bturbopack%5D_browser_dev_hmr-client_hmr-client_ts_c8c997ce._.js:452:9)
    at applyAggregatedUpdates (http://localhost:3002/_next/static/chunks/%5Bturbopack%5D_browser_dev_hmr-client_hmr-client_ts_c8c997ce._.js:98:9)
    at http://localhost:3002/_next/static/chunks/%5Bturbopack%5D_browser_dev_hmr-client_hmr-client_ts_c8c997ce._.js:32:21
    at processTurbopackMessage (http://localhost:3002/_next/static/chunks/a5dda_next_dist_client_e7baee3b._.js:10950:13)
    at processMessage (http://localhost:3002/_next/static/chunks/a5dda_next_dist_client_e7baee3b._.js:11591:17)
    at WebSocket.handleMessage (http://localhost:3002/_next/static/chunks/a5dda_next_dist_client_e7baee3b._.js:10914:52)
[ 4060936ms] [WARNING] [Fast Refresh] performing full reload because your application had an unrecoverable error @ http://localhost:3002/_next/static/chunks/a5dda_next_dist_fd2d7206._.js:2297
